Adoline
Adonalsium
Armando
Arnaud
Audrey
Austre
Bekenah
Chowyun_Chin
Clive
Dru
Durk
Dylan
Fellette_Renoux
Flavine
Flen
Flip
Genedere
Hadren_Renoux
Harl
Harrison
Ignacio
Ivans
Ivy
Izumakamo
J.C.
Jal_Mala
Janie
Jaxlim
Jeber
Jenny_Zhang
Justin
Kalami
Kalyani
Kamiko
Kar
Leroy
Lua
Marci
Marinda
Mi_Won
Ngozi
Oliver
Owen
Rahul
Senna
Shubalai
Sor
Stacy_Leftwire
Star
Stormy
Stumpy
Tawnson
Teleb
Teshav%27s_ward
Thadwick
Thaub
Thered
Tien
Tigzikk
Tinalar
Tobias
Turquoise
Vadam
Wema
Xavier